2026-09-30 04:31:00,929 - INFO - url: http://aktv.space/live.m3u 成功，判断为txt格式，响应时间: 0.45 秒
2026-09-30 04:31:01,881 - INFO - url: https://gh.tryxd.cn/https://raw.githubusercontent.com/alantang1977/IPTV_SuperA/main/output/result.m3u 成功，判断为txt格式，响应时间: 0.95 秒
2026-09-30 04:31:02,541 - INFO - url: https://gh.tryxd.cn/https://raw.githubusercontent.com/alantang1977/auto-iptv/main/live_ipv4.txt 成功，判断为txt格式，响应时间: 0.66 秒
2026-09-30 04:31:03,364 - INFO - url: https://gh.tryxd.cn/https://raw.githubusercontent.com/alantang1977/JunTV/refs/heads/main/output/result.txt 成功，判断为txt格式，响应时间: 0.82 秒
2026-09-30 04:31:03,995 - INFO - url: https://gh.tryxd.cn/https://raw.githubusercontent.com/ssili126/tv/main/itvlist.txt 成功，判断为txt格式，响应时间: 0.63 秒
2026-09-30 04:31:05,128 - INFO - url: https://live.zbds.top/tv/iptv4.txt 成功，判断为txt格式，响应时间: 1.13 秒
2026-09-30 04:31:05,132 - INFO - url: https://live.zbds.top/tv/iptv4.txt 成功，包含频道分类: 央视频道, 卫视频道, 电影频道, 数字频道, 儿童频道, 地方频道, 纪录频道, 体育频道, 解说频道, 音乐频道, 春晚频道, 直播中国, 更新时间
2026-09-30 04:31:06,548 - ERROR - url: https://gitee.com/xxy002/zhiboyuan/raw/master/dsy 失败❌, Error: 404 Client Error: Not Found for url: https://gitee.com/xxy002/zhiboyuan/raw/master/dsy
2026-09-30 04:31:07,174 - INFO - url: https://gh.tryxd.cn/https://raw.githubusercontent.com/tianya7981/jiekou/refs/heads/main/野火959 成功，判断为txt格式，响应时间: 0.63 秒
2026-09-30 04:31:07,831 - INFO - url: https://gh.tryxd.cn/https://raw.githubusercontent.com/big-mouth-cn/tv/main/iptv-ok.m3u 成功，判断为txt格式，响应时间: 0.66 秒
2026-09-30 04:31:08,489 - ERROR - url: https://codeberg.org/alfredisme/mytvsources/raw/branch/main/mylist-ipv6.m3u 失败❌, Error: 404 Client Error: Not Found for url: https://codeberg.org/alfredisme/mytvsources/raw/branch/main/mylist-ipv6.m3u
2026-09-30 04:31:09,107 - INFO - url: https://gh.tryxd.cn/https://raw.githubusercontent.com/lalifeier/IPTV/main/m3u/IPTV.m3u 成功，判断为txt格式，响应时间: 0.62 秒
2026-09-30 04:31:09,710 - INFO - url: https://gh.tryxd.cn/https://raw.githubusercontent.com/wwb521/live/main/tv.m3u 成功，判断为txt格式，响应时间: 0.60 秒
2026-09-30 04:31:10,351 - INFO - url: https://gh.tryxd.cn/https://raw.githubusercontent.com/ssili126/tv/main/itvlist.m3u 成功，判断为txt格式，响应时间: 0.64 秒
2026-09-30 04:31:10,958 - INFO - url: https://gh.tryxd.cn/https://raw.githubusercontent.com/asdjkl6/tv/tv/.m3u/整套直播源/测试/整套直播源/l.txt 成功，判断为txt格式，响应时间: 0.61 秒
2026-09-30 04:31:11,569 - INFO - url: https://gh.tryxd.cn/https://raw.githubusercontent.com/asdjkl6/tv/tv/.m3u/整套直播源/测试/整套直播源/kk.txt 成功，判断为txt格式，响应时间: 0.61 秒
2026-09-30 04:31:12,192 - INFO - url: https://gh.tryxd.cn/https://raw.githubusercontent.com/suxuang/myIPTV/main/ipv6.m3u 成功，判断为txt格式，响应时间: 0.62 秒
2026-09-30 04:31:12,798 - INFO - url: https://gh.tryxd.cn/https://raw.githubusercontent.com/Guovin/iptv-api/gd/output/result.m3u 成功，判断为txt格式，响应时间: 0.60 秒
2026-09-30 04:31:13,432 - INFO - url: https://gh.tryxd.cn/https://raw.githubusercontent.com/yuanzl77/IPTV/main/live.m3u 成功，判断为txt格式，响应时间: 0.63 秒
2026-09-30 04:31:14,091 - INFO - url: https://gh.tryxd.cn/https://raw.githubusercontent.com/YanG-1989/m3u/main/Gather.m3u 成功，判断为txt格式，响应时间: 0.66 秒
2026-09-30 04:31:14,730 - INFO - url: https://gh.tryxd.cn/https://raw.githubusercontent.com/YueChan/Live/refs/heads/main/APTV.m3u 成功，判断为txt格式，响应时间: 0.64 秒
2026-09-30 04:31:15,333 - INFO - url: https://gh.tryxd.cn/https://raw.githubusercontent.com/Kimentanm/aptv/master/m3u/iptv.m3u 成功，判断为txt格式，响应时间: 0.60 秒
2026-09-30 04:31:15,414 - INFO - url: https://live.zbds.top/tv/iptv6.txt 成功，判断为txt格式，响应时间: 0.08 秒
2026-09-30 04:31:15,414 - INFO - url: https://live.zbds.top/tv/iptv6.txt 成功，包含频道分类: 更新时间
2026-09-30 04:31:15,583 - INFO - url: http://xhztv.top/new.txt 成功，判断为txt格式，响应时间: 0.17 秒
2026-09-30 04:31:15,588 - INFO - url: http://xhztv.top/new.txt 成功，包含频道分类: 央视频道, 卫视频道, 电影频道, 数字频道, 儿童频道, 地方频道, 纪录频道, 体育频道, 解说频道, 音乐频道, 春晚频道, 直播中国, 更新时间
2026-09-30 04:31:16,190 - INFO - url: https://gh.tryxd.cn/https://raw.githubusercontent.com/Guovin/TV/gd/output/result.txt 成功，判断为txt格式，响应时间: 0.60 秒
2026-09-30 04:31:16,861 - INFO - url: https://gh.tryxd.cn/https://raw.githubusercontent.com/vbskycn/iptv/master/tv/hd.txt 成功，判断为txt格式，响应时间: 0.67 秒
2026-09-30 04:31:17,163 - INFO - url: https://live.fanmingming.cn/tv/m3u/ipv6.m3u 成功，判断为m3u格式，响应时间: 0.30 秒
2026-09-30 04:31:17,415 - INFO - url: https://live.zhoujie218.top/tv/iptv6.txt 成功，判断为txt格式，响应时间: 0.25 秒
2026-09-30 04:31:17,416 - INFO - url: https://live.zhoujie218.top/tv/iptv6.txt 成功，包含频道分类: 更新时间
2026-09-30 04:31:17,454 - INFO - url: https://cdn.jsdelivr.net/gh/YueChan/live@main/IPTV.m3u 成功，判断为m3u格式，响应时间: 0.04 秒
2026-09-30 04:31:18,056 - INFO - url: https://gh.tryxd.cn/https://raw.githubusercontent.com/cymz6/AutoIPTV-Hotel/main/lives.txt 成功，判断为txt格式，响应时间: 0.60 秒
2026-09-30 04:31:18,657 - INFO - url: https://gh.tryxd.cn/https://raw.githubusercontent.com/PizazzGY/TVBox_warehouse/main/live.txt 成功，判断为txt格式，响应时间: 0.60 秒
2026-09-30 04:31:19,561 - ERROR - url: https://fm1077.serv00.net/SmartTV.m3u 失败❌, Error: 404 Client Error: Not Found for url: https://fm1077.serv00.net/SmartTV.m3u
2026-09-30 04:31:20,233 - INFO - url: https://gh.tryxd.cn/https://raw.githubusercontent.com/joevess/IPTV/main/home.m3u8 成功，判断为txt格式，响应时间: 0.67 秒
2026-09-30 04:31:20,427 - ERROR - url: https://tv.youdu.fan:666/live/ 失败❌, Error: HTTPSConnectionPool(host='tv.youdu.fan', port=666): Max retries exceeded with url: /live/ (Caused by NewConnectionError("HTTPSConnection(host='tv.youdu.fan', port=666): Failed to establish a new connection: [Errno 111] Connection refused"))
2026-09-30 04:31:20,579 - INFO - url: https://m3u.ibert.me/txt/o_cn.txt 成功，判断为txt格式，响应时间: 0.15 秒
2026-09-30 04:31:20,580 - INFO - url: https://m3u.ibert.me/txt/o_cn.txt 成功，包含频道分类: Religious, Undefined, News, General, Kids, Business, Entertainment, Sports, Movies, Education, Culture, Documentary, Music, Lifestyle, Education;Outdoor, Classic, Weather, Education;Science, Shop, Animation;Kids, General;Travel, Legislative, Education;Lifestyle;Science, Kids;Lifestyle, Science, Family
2026-09-30 04:31:20,720 - INFO - url: https://m3u.ibert.me/txt/j_iptv.txt 成功，判断为txt格式，响应时间: 0.14 秒
2026-09-30 04:31:21,328 - INFO - url: https://gh.tryxd.cn/https://raw.githubusercontent.com/xzw832/cmys/main/S_CCTV.txt 成功，判断为txt格式，响应时间: 0.61 秒
2026-09-30 04:31:21,950 - INFO - url: https://gh.tryxd.cn/https://raw.githubusercontent.com/xzw832/cmys/main/S_weishi.txt 成功，判断为txt格式，响应时间: 0.62 秒
2026-09-30 04:31:22,561 - INFO - url: https://gh.tryxd.cn/https://raw.githubusercontent.com/BurningC4/Chinese-IPTV/master/TV-IPV4.m3u 成功，判断为txt格式，响应时间: 0.61 秒
2026-09-30 04:31:23,186 - INFO - url: https://gh.tryxd.cn/https://raw.githubusercontent.com/joevess/IPTV/main/m3u/iptv.m3u 成功，判断为txt格式，响应时间: 0.62 秒
2026-09-30 04:31:23,804 - INFO - url: https://gh.tryxd.cn/https://raw.githubusercontent.com/Ftindy/IPTV-URL/main/IPV6.m3u 成功，判断为txt格式，响应时间: 0.62 秒
2026-09-30 04:31:24,439 - INFO - url: https://gh.tryxd.cn/https://raw.githubusercontent.com/YanG-1989/m3u/main/Gather.m3u 成功，判断为txt格式，响应时间: 0.63 秒
2026-09-30 04:31:25,006 - INFO - url: https://iptv.b2og.com/txt/fmml_ipv6.txt 成功，判断为txt格式，响应时间: 0.57 秒
2026-09-30 04:31:25,006 - INFO - url: https://iptv.b2og.com/txt/fmml_ipv6.txt 成功，包含频道分类: 央视频道, 卫视频道, 浙江频道, 内蒙频道
2026-09-30 04:31:25,163 - ERROR - url: http://xhztv.top/zbc.txt 失败❌, Error: 404 Client Error: Not Found for url: http://xhztv.top/zbc.txt
2026-09-30 04:31:25,760 - INFO - url: https://gh.tryxd.cn/https://raw.githubusercontent.com/kimwang1978/collect-tv-txt/main/merged_output_simple.txt 成功，判断为txt格式，响应时间: 0.60 秒
2026-09-30 04:31:26,362 - INFO - url: https://gh.tryxd.cn/https://raw.githubusercontent.com/SPX372928/MyIPTV/master/黑龙江PLTV移动CDN版.txt 成功，判断为txt格式，响应时间: 0.60 秒
2026-09-30 04:31:27,004 - INFO - url: https://gh.tryxd.cn/https://raw.githubusercontent.com/qingwen07/awesome-iptv/main/tvbox_live_all.txt 成功，判断为txt格式，响应时间: 0.64 秒
2026-09-30 04:31:27,606 - INFO - url: https://gh.tryxd.cn/https://raw.githubusercontent.com/kimwang1978/collect-tv-txt/main/merged_output.m3u 成功，判断为txt格式，响应时间: 0.60 秒
2026-09-30 04:31:27,697 - INFO - url: https://live.zhoujie218.top/tv/iptv4.txt 成功，判断为txt格式，响应时间: 0.09 秒
2026-09-30 04:31:27,699 - INFO - url: https://live.zhoujie218.top/tv/iptv4.txt 成功，包含频道分类: 央视频道, 卫视频道, 电影频道, 数字频道, 儿童频道, 地方频道, 纪录频道, 体育频道, 解说频道, 音乐频道, 春晚频道, 直播中国, 更新时间
